
StefanASUS@DESKTOP-NDST9M0 MINGW64 ~/Desktop/lab1
$ git status
fatal: not a git repository (or any of the parent directories): .git

StefanASUS@DESKTOP-NDST9M0 MINGW64 ~/Desktop/lab1
$ git init
Initialized empty Git repository in C:/Users/StefanASUS/Desktop/lab1/.git/

StefanASUS@DESKTOP-NDST9M0 MINGW64 ~/Desktop/lab1 (master)
$ git status
On branch master

No commits yet

nothing to commit (create/copy files and use "git add" to track)

StefanASUS@DESKTOP-NDST9M0 MINGW64 ~/Desktop/lab1 (master)
$ touch l1.txt

StefanASUS@DESKTOP-NDST9M0 MINGW64 ~/Desktop/lab1 (master)
$ git add .

StefanASUS@DESKTOP-NDST9M0 MINGW64 ~/Desktop/lab1 (master)
$ git commit -m "Initial commit"
[master (root-commit) f571496] Initial commit
 1 file changed, 1 insertion(+)
 create mode 100644 l1.txt

StefanASUS@DESKTOP-NDST9M0 MINGW64 ~/Desktop/lab1 (master)
$ git add .

StefanASUS@DESKTOP-NDST9M0 MINGW64 ~/Desktop/lab1 (master)
$ git commit -m "modify l1.txt"
[master d9d9e62] modify l1.txt
 1 file changed, 2 insertions(+), 1 deletion(-)

StefanASUS@DESKTOP-NDST9M0 MINGW64 ~/Desktop/lab1 (master)
$ git remote add origin https://github.com/strayckler/SI_171219_lab1.git

StefanASUS@DESKTOP-NDST9M0 MINGW64 ~/Desktop/lab1 (master)
$ git push --set-upstream origin master
Enumerating objects: 6, done.
Counting objects: 100% (6/6), done.
Delta compression using up to 4 threads
Compressing objects: 100% (2/2), done.
Writing objects: 100% (6/6), 467 bytes | 155.00 KiB/s, done.
Total 6 (delta 0), reused 0 (delta 0)
To https://github.com/strayckler/SI_171219_lab1.git
 * [new branch]      master -> master
Branch 'master' set up to track remote branch 'master' from 'origin'.

StefanASUS@DESKTOP-NDST9M0 MINGW64 ~/Desktop/lab1 (master)
$ git status
On branch master
Your branch is up to date with 'origin/master'.

Changes not staged for commit:
  (use "git add <file>..." to update what will be committed)
  (use "git checkout -- <file>..." to discard changes in working directory)

        modified:   l1.txt

no changes added to commit (use "git add" and/or "git commit -a")

StefanASUS@DESKTOP-NDST9M0 MINGW64 ~/Desktop/lab1 (master)
$ git checkout -- l1.txt

StefanASUS@DESKTOP-NDST9M0 MINGW64 ~/Desktop/lab1 (master)
$ git status
On branch master
Your branch is up to date with 'origin/master'.

nothing to commit, working tree clean

StefanASUS@DESKTOP-NDST9M0 MINGW64 ~/Desktop/lab1 (master)
$ git branch
* master

StefanASUS@DESKTOP-NDST9M0 MINGW64 ~/Desktop/lab1 (master)
$ git branch logging

StefanASUS@DESKTOP-NDST9M0 MINGW64 ~/Desktop/lab1 (master)
$ git checkout logging
Switched to branch 'logging'

StefanASUS@DESKTOP-NDST9M0 MINGW64 ~/Desktop/lab1 (logging)
$ touch log.txt

StefanASUS@DESKTOP-NDST9M0 MINGW64 ~/Desktop/lab1 (logging)
$ git log
commit d9d9e62d0b9f16a6f7a520840db7add159474b21 (HEAD -> logging, origin/master, master)
Author: strayckler <st.krstic@gmail.com>
Date:   Thu Mar 21 09:36:19 2019 +0100

    modify l1.txt

commit f57149632e9cb97ce8fc4a4580e4b644c311250b
Author: strayckler <st.krstic@gmail.com>
Date:   Thu Mar 21 09:35:55 2019 +0100

    Initial commit
	
StefanASUS@DESKTOP-NDST9M0 MINGW64 ~/Desktop/lab1 (logging)
$ git status
On branch logging
Your branch is up to date with 'origin/logging'.

Untracked files:
  (use "git add <file>..." to include in what will be committed)

        log.txt

nothing added to commit but untracked files present (use "git add" to track)

StefanASUS@DESKTOP-NDST9M0 MINGW64 ~/Desktop/lab1 (logging)
$ git add .

StefanASUS@DESKTOP-NDST9M0 MINGW64 ~/Desktop/lab1 (logging)
$ git commit -m "Added git log.txt"
[logging cd43cfd] Added git log.txt
 1 file changed, 13 insertions(+)
 create mode 100644 log.txt

StefanASUS@DESKTOP-NDST9M0 MINGW64 ~/Desktop/lab1 (logging)
$ git status
On branch logging
Your branch is ahead of 'origin/logging' by 1 commit.
  (use "git push" to publish your local commits)

nothing to commit, working tree clean

StefanASUS@DESKTOP-NDST9M0 MINGW64 ~/Desktop/lab1 (logging)
$ git checkout master
Switched to branch 'master'
Your branch is up to date with 'origin/master'.

StefanASUS@DESKTOP-NDST9M0 MINGW64 ~/Desktop/lab1 (master)
$ git merge logging
Updating d9d9e62..cd43cfd
Fast-forward
 log.txt | 13 +++++++++++++
 1 file changed, 13 insertions(+)
 create mode 100644 log.txt

StefanASUS@DESKTOP-NDST9M0 MINGW64 ~/Desktop/lab1 (master)
$ git push
Enumerating objects: 4, done.
Counting objects: 100% (4/4), done.
Delta compression using up to 4 threads
Compressing objects: 100% (3/3), done.
Writing objects: 100% (3/3), 540 bytes | 270.00 KiB/s, done.
Total 3 (delta 0), reused 0 (delta 0)
To https://github.com/strayckler/SI_171219_lab1.git
   d9d9e62..cd43cfd  master -> master

StefanASUS@DESKTOP-NDST9M0 MINGW64 ~/Desktop/lab1 (master)
$ git status
On branch master
Your branch is up to date with 'origin/master'.

nothing to commit, working tree clean

StefanASUS@DESKTOP-NDST9M0 MINGW64 ~/Desktop/lab1 (master)
$ git branch allcommands

StefanASUS@DESKTOP-NDST9M0 MINGW64 ~/Desktop/lab1 (master)
$ git checkout allcommands
Switched to branch 'allcommands'

StefanASUS@DESKTOP-NDST9M0 MINGW64 ~/Desktop/lab1 (allcommands)
$ touch commands.txt

StefanASUS@DESKTOP-NDST9M0 MINGW64 ~/Desktop/lab1 (allcommands)
$
